V3 3
FL C:/MarianoF/vhdl_projects/ISE/Volnei/Ch9-problems/9.2/divider/divider.vhd 2023/09/01.16:23:47 P.20131013
EN work/divider 1693596232 \
      FL C:/MarianoF/vhdl_projects/ISE/Volnei/Ch9-problems/9.2/divider/divider.vhd \
      PB ieee/std_logic_1164 1381692176 PB ieee/std_logic_arith 1381692177 \
      PB ieee/STD_LOGIC_UNSIGNED 1381692179
AR work/divider/Behavioral 1693596233 \
      FL C:/MarianoF/vhdl_projects/ISE/Volnei/Ch9-problems/9.2/divider/divider.vhd \
      EN work/divider 1693596232
